
> @prc/social-builder@1.3.0 build
> wp-scripts build && wp-scripts build --source-path=src/editor-ui/ --output-path=build/editor-ui/ && wp-scripts build --source-path=src/settings/ --output-path=build/settings/ && wp-scripts build --source-path=src/admin-surfaces/ --output-path=build/admin-surfaces/

Browserslist: browsers data (caniuse-lite) is 6 months old. Please run:
  npx update-browserslist-db@latest
  Why you should do it regularly: https://github.com/browserslist/update-db#readme
assets by path [1m[32mstory/[39m[22m 17.3 KiB
  assets by chunk 14.6 KiB (name: story/index) 4 assets
  assets by chunk 212 bytes (id hint: style) 2 assets
  asset [1m[32mstory/block.json[39m[22m 1.34 KiB [1m[32m[emitted][39m[22m [from: src/story/block.json] [1m[32m[copied][39m[22m
  asset [1m[32mstory/render.php[39m[22m 1.12 KiB [1m[32m[emitted][39m[22m [from: src/story/render.php] [1m[32m[copied][39m[22m
assets by path [1m[32mmessage/[39m[22m 11.8 KiB
  assets by chunk 9.36 KiB (name: message/index) 4 assets
  assets by chunk 116 bytes (id hint: style) 2 assets
  asset [1m[32mmessage/block.json[39m[22m 1.18 KiB [1m[32m[emitted][39m[22m [from: src/message/block.json] [1m[32m[copied][39m[22m
  asset [1m[32mmessage/render.php[39m[22m 1.17 KiB [1m[32m[emitted][39m[22m [from: src/message/render.php] [1m[32m[copied][39m[22m
assets by path [1m[32mcontainer/[39m[22m 15.8 KiB
  assets by chunk 14.1 KiB (name: container/index) 4 assets
  assets by chunk 390 bytes (name: container/style-index) 2 assets
  asset [1m[32mcontainer/block.json[39m[22m 1.26 KiB [1m[32m[emitted][39m[22m [from: src/container/block.json] [1m[32m[copied][39m[22m
Entrypoint [1mcontainer/index[39m[22m 14.5 KiB = 6 assets
Entrypoint [1mmessage/index[39m[22m 9.48 KiB = 6 assets
Entrypoint [1mstory/index[39m[22m 14.8 KiB = 6 assets
orphan modules 271 KiB (javascript) 5.49 KiB (runtime) [1m[33m[orphan][39m[22m 383 modules
runtime modules 7.53 KiB 9 modules
built modules 2.35 KiB (css/mini-extract) 65.6 KiB (javascript) [1m[33m[built][39m[22m
  cacheable modules 2.35 KiB
    modules by path [1m./src/container/[39m[22m 660 bytes 2 modules
    modules by path [1m./src/message/[39m[22m 712 bytes 2 modules
    modules by path [1m./src/story/[39m[22m 1.01 KiB
      css ../../node_modules/css-loader/dist/cjs.js??ruleSet[1].rules[3].use[1]!../../node_modules/postcss-loader/dist/cjs.js??ruleSet[1].rules[3].use[2]!../../node_modules/sass-loader/dist/cjs.js??ruleSet[1].rules[3].use[3]![1m./src/story/style.scss[39m[22m 105 bytes [1m[33m[built][39m[22m [1m[33m[code generated][39m[22m
      css ../../node_modules/css-loader/dist/cjs.js??ruleSet[1].rules[3].use[1]!../../node_modules/postcss-loader/dist/cjs.js??ruleSet[1].rules[3].use[2]!../../node_modules/sass-loader/dist/cjs.js??ruleSet[1].rules[3].use[3]![1m./src/story/editor.scss[39m[22m 932 bytes [1m[33m[built][39m[22m [1m[33m[code generated][39m[22m
  javascript modules 65.6 KiB
    [1m./src/container/index.ts + 21 modules[39m[22m 26.5 KiB [1m[31m[not cacheable][39m[22m [1m[33m[built][39m[22m [1m[33m[code generated][39m[22m
    [1m./src/message/index.ts + 14 modules[39m[22m 15.8 KiB [1m[31m[not cacheable][39m[22m [1m[33m[built][39m[22m [1m[33m[code generated][39m[22m
    [1m./src/story/index.ts + 20 modules[39m[22m 23.3 KiB [1m[31m[not cacheable][39m[22m [1m[33m[built][39m[22m [1m[33m[code generated][39m[22m
webpack 5.106.2 compiled [1m[32msuccessfully[39m[22m in 7792 ms
Browserslist: browsers data (caniuse-lite) is 6 months old. Please run:
  npx update-browserslist-db@latest
  Why you should do it regularly: https://github.com/browserslist/update-db#readme
asset [1m[32mindex.js[39m[22m 7.27 KiB [1m[32m[emitted][39m[22m [1m[32m[minimized][39m[22m (name: index)
asset [1m[32mindex.asset.php[39m[22m 287 bytes [1m[32m[emitted][39m[22m (name: index)
Entrypoint [1mindex[39m[22m 7.55 KiB = [1m[32mindex.js[39m[22m 7.27 KiB [1m[32mindex.asset.php[39m[22m 287 bytes
orphan modules 221 KiB [1m[33m[orphan][39m[22m 331 modules
runtime modules 663 bytes 3 modules
[1m./src/editor-ui/index.tsx + 18 modules[39m[22m 14.3 KiB [1m[31m[not cacheable][39m[22m [1m[33m[built][39m[22m [1m[33m[code generated][39m[22m
webpack 5.106.2 compiled [1m[32msuccessfully[39m[22m in 3097 ms
Browserslist: browsers data (caniuse-lite) is 6 months old. Please run:
  npx update-browserslist-db@latest
  Why you should do it regularly: https://github.com/browserslist/update-db#readme
assets by chunk 7.25 KiB (name: index)
  asset [1m[32mindex.js[39m[22m 7.08 KiB [1m[32m[emitted][39m[22m [1m[32m[minimized][39m[22m (name: index)
  asset [1m[32mindex.asset.php[39m[22m 174 bytes [1m[32m[emitted][39m[22m (name: index)
assets by path [1m[32m./*.css[39m[22m 1.21 KiB
  asset [1m[32m./style-index-rtl.css[39m[22m 621 bytes [1m[32m[emitted][39m[22m (name: ./style-index) (id hint: style)
  asset [1m[32m./style-index.css[39m[22m 620 bytes [1m[32m[emitted][39m[22m (name: ./style-index) (id hint: style)
Entrypoint [1mindex[39m[22m 8.46 KiB = [1m[32m./style-index.css[39m[22m 620 bytes [1m[32m./style-index-rtl.css[39m[22m 621 bytes [1m[32mindex.js[39m[22m 7.08 KiB [1m[32mindex.asset.php[39m[22m 174 bytes
orphan modules 12.8 KiB (javascript) 937 bytes (runtime) [1m[33m[orphan][39m[22m 18 modules
runtime modules 2.51 KiB 3 modules
built modules 9.58 KiB (javascript) 619 bytes (css/mini-extract) [1m[33m[built][39m[22m
  [1m./src/settings/index.tsx + 10 modules[39m[22m 9.58 KiB [1m[31m[not cacheable][39m[22m [1m[33m[built][39m[22m [1m[33m[code generated][39m[22m
  css ../../node_modules/css-loader/dist/cjs.js??ruleSet[1].rules[3].use[1]!../../node_modules/postcss-loader/dist/cjs.js??ruleSet[1].rules[3].use[2]!../../node_modules/sass-loader/dist/cjs.js??ruleSet[1].rules[3].use[3]![1m./src/settings/style.scss[39m[22m 619 bytes [1m[33m[built][39m[22m [1m[33m[code generated][39m[22m
webpack 5.106.2 compiled [1m[32msuccessfully[39m[22m in 4426 ms
Browserslist: browsers data (caniuse-lite) is 6 months old. Please run:
  npx update-browserslist-db@latest
  Why you should do it regularly: https://github.com/browserslist/update-db#readme
assets by chunk 1.04 KiB (name: index)
  asset [1m[32mindex.js[39m[22m 986 bytes [1m[32m[emitted][39m[22m [1m[32m[minimized][39m[22m (name: index)
  asset [1m[32mindex.asset.php[39m[22m 84 bytes [1m[32m[emitted][39m[22m (name: index)
assets by path [1m[32m./*.css[39m[22m 581 bytes
  asset [1m[32m./style-index.css[39m[22m 291 bytes [1m[32m[emitted][39m[22m (name: ./style-index) (id hint: style)
  asset [1m[32m./style-index-rtl.css[39m[22m 290 bytes [1m[32m[emitted][39m[22m (name: ./style-index) (id hint: style)
Entrypoint [1mindex[39m[22m 1.61 KiB = [1m[32m./style-index.css[39m[22m 291 bytes [1m[32m./style-index-rtl.css[39m[22m 290 bytes [1m[32mindex.js[39m[22m 986 bytes [1m[32mindex.asset.php[39m[22m 84 bytes
orphan modules 3.08 KiB (javascript) 937 bytes (runtime) [1m[33m[orphan][39m[22m 8 modules
runtime modules 2.51 KiB 3 modules
cacheable modules 63 bytes (javascript) 290 bytes (css/mini-extract)
  [1m./src/admin-surfaces/index.ts[39m[22m 63 bytes [1m[33m[built][39m[22m [1m[33m[code generated][39m[22m
  css ../../node_modules/css-loader/dist/cjs.js??ruleSet[1].rules[3].use[1]!../../node_modules/postcss-loader/dist/cjs.js??ruleSet[1].rules[3].use[2]!../../node_modules/sass-loader/dist/cjs.js??ruleSet[1].rules[3].use[3]![1m./src/admin-surfaces/style.scss[39m[22m 290 bytes [1m[33m[built][39m[22m [1m[33m[code generated][39m[22m
webpack 5.106.2 compiled [1m[32msuccessfully[39m[22m in 4116 ms
